src/app.ts(8,25): error TS2724: '"./entity/groupe.partage"' has no exported member named 'TypeGroupePartage'. Did you mean 'GroupePartage'?
src/app.ts(131,16): error TS2353: Object literal may only specify known properties, and 'name' does not exist in type 'FindOptionsWhere<GroupePartage> | FindOptionsWhere<GroupePartage>[]'.
src/app.ts(138,9): error TS2769: No overload matches this call.
  Overload 1 of 3, '(entityLikeArray: DeepPartial<GroupePartage>[]): GroupePartage[]', gave the following error.
    Object literal may only specify known properties, and 'name' does not exist in type 'DeepPartial<GroupePartage>[]'.
  Overload 2 of 3, '(entityLike: DeepPartial<GroupePartage>): GroupePartage', gave the following error.
    Object literal may only specify known properties, and 'name' does not exist in type 'DeepPartial<GroupePartage>'.
src/controllers/ClasseController.ts(35,60): error TS2339: Property 'createClasseWithGroupe' does not exist on type 'GroupePartageService'.
src/controllers/ClasseController.ts(41,45): error TS2551: Property 'syncFiliereGroupePartage' does not exist on type 'GroupePartageService'. Did you mean 'syncClasseGroupePartage'?
src/controllers/ClasseController.ts(43,49): error TS2551: Property 'syncEcoleGroupePartage' does not exist on type 'GroupePartageService'. Did you mean 'syncClasseGroupePartage'?
src/controllers/ClasseController.ts(155,45): error TS2551: Property 'syncFiliereGroupePartage' does not exist on type 'GroupePartageService'. Did you mean 'syncClasseGroupePartage'?
src/controllers/ClasseController.ts(157,49): error TS2551: Property 'syncEcoleGroupePartage' does not exist on type 'GroupePartageService'. Did you mean 'syncClasseGroupePartage'?
src/controllers/ClasseController.ts(175,41): error TS2339: Property 'addClasseToGroupe' does not exist on type 'GroupePartageService'.
src/controllers/ClasseController.ts(192,41): error TS2339: Property 'removeClasseFromGroupe' does not exist on type 'GroupePartageService'.
src/controllers/EcoleController.ts(24,59): error TS2339: Property 'createEcoleWithGroupe' does not exist on type 'GroupePartageService'.
src/controllers/EcoleController.ts(85,45): error TS2551: Property 'syncEcoleGroupePartage' does not exist on type 'GroupePartageService'. Did you mean 'syncClasseGroupePartage'?
src/controllers/EcoleController.ts(154,45): error TS2339: Property 'addEcoleToGroupe' does not exist on type 'GroupePartageService'.
src/controllers/EcoleController.ts(168,45): error TS2339: Property 'removeEcoleFromGroupe' does not exist on type 'GroupePartageService'.
src/controllers/EcoleController.ts(185,45): error TS2551: Property 'syncEcoleGroupePartage' does not exist on type 'GroupePartageService'. Did you mean 'syncClasseGroupePartage'?
src/controllers/FiliereController.ts(31,61): error TS2339: Property 'createFiliereWithGroupe' does not exist on type 'GroupePartageService'.
src/controllers/FiliereController.ts(38,45): error TS2551: Property 'syncEcoleGroupePartage' does not exist on type 'GroupePartageService'. Did you mean 'syncClasseGroupePartage'?
src/controllers/FiliereController.ts(93,45): error TS2551: Property 'syncFiliereGroupePartage' does not exist on type 'GroupePartageService'. Did you mean 'syncClasseGroupePartage'?
src/controllers/FiliereController.ts(148,45): error TS2551: Property 'syncEcoleGroupePartage' does not exist on type 'GroupePartageService'. Did you mean 'syncClasseGroupePartage'?
src/controllers/FiliereController.ts(166,41): error TS2339: Property 'addFiliereToGroupe' does not exist on type 'GroupePartageService'.
src/controllers/FiliereController.ts(183,41): error TS2339: Property 'removeFiliereFromGroupe' does not exist on type 'GroupePartageService'.
src/controllers/FiliereController.ts(200,41): error TS2551: Property 'syncFiliereGroupePartage' does not exist on type 'GroupePartageService'. Did you mean 'syncClasseGroupePartage'?
src/controllers/GroupePartageController.ts(3,10): error TS2724: '"../entity/groupe.partage"' has no exported member named 'TypeGroupePartage'. Did you mean 'GroupePartage'?
src/controllers/GroupePartageController.ts(39,45): error TS2551: Property 'syncFiliereGroupePartage' does not exist on type 'GroupePartageService'. Did you mean 'syncClasseGroupePartage'?
src/controllers/GroupePartageController.ts(60,45): error TS2551: Property 'syncEcoleGroupePartage' does not exist on type 'GroupePartageService'. Did you mean 'syncClasseGroupePartage'?
src/controllers/GroupePartageController.ts(81,45): error TS2339: Property 'syncAfterEnseignementAssignment' does not exist on type 'GroupePartageService'.
src/controllers/GroupePartageController.ts(109,45): error TS2339: Property 'syncAfterEnseignementRemoval' does not exist on type 'GroupePartageService'.
src/controllers/GroupePartageController.ts(132,59): error TS2339: Property 'createEcoleWithGroupe' does not exist on type 'GroupePartageService'.
src/controllers/GroupePartageController.ts(154,61): error TS2339: Property 'createFiliereWithGroupe' does not exist on type 'GroupePartageService'.
src/controllers/GroupePartageController.ts(176,60): error TS2339: Property 'createClasseWithGroupe' does not exist on type 'GroupePartageService'.
src/controllers/GroupePartageController.ts(207,45): error TS2339: Property 'addUserToCustomGroupe' does not exist on type 'GroupePartageService'.
src/controllers/GroupePartageController.ts(235,45): error TS2339: Property 'addUsersToGroupe' does not exist on type 'GroupePartageService'.
src/controllers/GroupePartageController.ts(263,45): error TS2339: Property 'removeUserFromGroupe' does not exist on type 'GroupePartageService'.
src/controllers/GroupePartageController.ts(291,45): error TS2339: Property 'removeUsersFromGroupe' does not exist on type 'GroupePartageService'.
src/controllers/GroupePartageController.ts(321,45): error TS2339: Property 'addEcoleToGroupe' does not exist on type 'GroupePartageService'.
src/controllers/GroupePartageController.ts(349,45): error TS2339: Property 'addFiliereToGroupe' does not exist on type 'GroupePartageService'.
src/controllers/GroupePartageController.ts(377,45): error TS2339: Property 'addClasseToGroupe' does not exist on type 'GroupePartageService'.
src/controllers/GroupePartageController.ts(405,45): error TS2339: Property 'removeEcoleFromGroupe' does not exist on type 'GroupePartageService'.
src/controllers/GroupePartageController.ts(433,45): error TS2339: Property 'removeFiliereFromGroupe' does not exist on type 'GroupePartageService'.
src/controllers/GroupePartageController.ts(461,45): error TS2339: Property 'removeClasseFromGroupe' does not exist on type 'GroupePartageService'.
src/controllers/GroupePartageController.ts(516,34): error TS2339: Property 'name' does not exist on type 'GroupePartage'.
src/controllers/GroupePartageController.ts(545,61): error TS2339: Property 'getEnseignantGroupes' does not exist on type 'GroupePartageService'.
src/controllers/GroupePartageController.ts(567,65): error TS2339: Property 'getEnseignantsInGroupe' does not exist on type 'GroupePartageService'.
src/controllers/MatiereController.ts(97,64): error TS2769: No overload matches this call.
  Overload 1 of 2, '(entities: Document[], options?: RemoveOptions | undefined): Promise<Document[]>', gave the following error.
    Argument of type 'Document[] | undefined' is not assignable to parameter of type 'Document[]'.
      Type 'undefined' is not assignable to type 'Document[]'.
  Overload 2 of 2, '(entity: Document, options?: RemoveOptions | undefined): Promise<Document>', gave the following error.
    Argument of type 'Document[] | undefined' is not assignable to parameter of type 'Document'.
      Type 'undefined' is not assignable to type 'Document'.
src/controllers/UserController.ts(205,44): error TS2551: Property 'addUsersToClasse' does not exist on type 'UserService'. Did you mean 'addUserToClasse'?
src/controllers/UserController.ts(209,26): error TS7006: Parameter 'u' implicitly has an 'any' type.
src/controllers/UserController.ts(375,43): error TS2339: Property 'changeUserSchool' does not exist on type 'UserService'.
src/controllers/UserController.ts(422,39): error TS2339: Property 'addUserToCustomGroupe' does not exist on type 'GroupePartageService'.
src/controllers/UserController.ts(446,39): error TS2339: Property 'addUsersToGroupe' does not exist on type 'GroupePartageService'.
src/controllers/UserController.ts(464,39): error TS2339: Property 'removeUserFromGroupe' does not exist on type 'GroupePartageService'.
src/controllers/UserController.ts(488,39): error TS2339: Property 'removeUsersFromGroupe' does not exist on type 'GroupePartageService'.
src/controllers/UserController.ts(506,55): error TS2339: Property 'getEnseignantGroupes' does not exist on type 'GroupePartageService'.
src/controllers/UserController.ts(524,59): error TS2339: Property 'getEnseignantsInGroupe' does not exist on type 'GroupePartageService'.
src/controllers/UserController.ts(542,39): error TS2339: Property 'syncAfterEnseignementAssignment' does not exist on type 'GroupePartageService'.
src/entity/notification.ts(32,54): error TS2339: Property 'notifications' does not exist on type 'GroupePartage'.
src/routes/documents.ts(151,61): error TS2339: Property 'addDocumentToGroupe' does not exist on type 'DocumentController'.
src/routes/documents.ts(160,62): error TS2339: Property 'addDocumentToGroupes' does not exist on type 'DocumentController'.
src/routes/documents.ts(169,64): error TS2339: Property 'removeDocumentFromGroupe' does not exist on type 'DocumentController'.
src/routes/documents.ts(178,70): error TS2339: Property 'addMultipleDocumentsToGroupe' does not exist on type 'DocumentController'.
src/routes/documents.ts(187,71): error TS2339: Property 'addMultipleDocumentsToGroupes' does not exist on type 'DocumentController'.
src/routes/documents.ts(196,73): error TS2339: Property 'removeMultipleDocumentsFromGroupe' does not exist on type 'DocumentController'.
src/routes/documents.ts(202,62): error TS2551: Property 'getDocumentsByUser' does not exist on type 'DocumentController'. Did you mean 'getDocuments'?
src/routes/documents.ts(208,66): error TS2339: Property 'getDocumentsByGroupe' does not exist on type 'DocumentController'.
src/routes/documents.ts(214,68): error TS2551: Property 'getDocumentsByMatiere' does not exist on type 'DocumentController'. Did you mean 'getDocumentById'?
src/routes/documents.ts(220,72): error TS2339: Property 'getDocumentsByCategorie' does not exist on type 'DocumentController'.
