
> lefax@1.0.0 test
> jest tests/integration/public_group_categories.test.ts

  console.log
    [dotenv@17.2.3] injecting env (15) from .env -- tip: ­ƒöÉ prevent committing .env to code: https://dotenvx.com/precommit

      at _log (node_modules/dotenv/lib/main.js:142:11)

node.exe : FAIL tests
/integration/public_g
roup_categories.test.
ts
Au caractère Ligne:1 
: 1
+ & "C:\Program Files
\nodejs/node.exe" 
"C:\Program 
Files\nodejs/node_mo 
...
+ ~~~~~~~~~~~~~~~~~~~
~~~~~~~~~~~~~~~~~~~~~
~~~~~~~~~~~~~~~~~~~~~
~~~~~~~~
    + CategoryInfo   
           : NotSpe  
  cified: (FAIL te   
 sts/inte...egori    
es.test.ts:Strin    
g) [], RemoteExc    
eption
    + FullyQualified 
   ErrorId : Native  
  CommandError
 
  ÔùÅ Test suite 
failed to run

    Jest encountered 
an unexpected token

    Jest failed to 
parse a file. This 
happens e.g. when 
your code or its 
dependencies use 
non-standard 
JavaScript syntax, 
or when Jest is not 
configured to 
support such syntax.

    Out of the box 
Jest supports Babel, 
which will be used 
to transform your 
files into valid JS 
based on your Babel 
configuration.

    By default 
"node_modules" 
folder is ignored by 
transformers.

    Here's what you 
can do:
     ÔÇó If you are 
trying to use 
ECMAScript Modules, 
see https://jestjs.io
/docs/ecmascript-modu
les for how to 
enable it.
     ÔÇó If you are 
trying to use 
TypeScript, see https
://jestjs.io/docs/get
ting-started#using-ty
pescript
     ÔÇó To have 
some of your 
"node_modules" files 
transformed, you can 
specify a custom "tra
nsformIgnorePatterns"
 in your config.
     ÔÇó If you need 
a custom 
transformation, 
specify a 
"transform" option 
in your config.
     ÔÇó If you 
simply want to mock 
your non-JS modules 
(e.g. binary assets) 
you can stub them 
out with the 
"moduleNameMapper" 
config option.

    You'll find more 
details and examples 
of these config 
options in the docs:
    https://jestjs.io
/docs/configuration
    For information 
about custom 
transformations, see:
    https://jestjs.io
/docs/code-transforma
tion

    Details:

    C:\Users\MAGREB\D
ocuments\_PROJET PERS
O\lefax_back\node_mod
ules\uuid\dist-node\i
ndex.js:1
    export { default 
as MAX } from 
'./max.js';
    ^^^^^^

    SyntaxError: 
Unexpected token 
'export'

    [0m [90m 1 
|[39m 
[36mimport[39m 
multer 
[36mfrom[39m [32m'
multer'[39m[33m;[3
9m
     [90m 2 |[39m 
[36mimport[39m 
path [36mfrom[39m 
[32m'path'[39m[33m;
[39m
    [31m[1m>[22m[
39m[90m 3 |[39m 
[36mimport[39m { 
v4 [36mas[39m 
uuidv4 } 
[36mfrom[39m [32m'
uuid'[39m[33m;[39m
     [90m   |[39m 
[31m[1m^[22m[39m
     [90m 4 |[39m 
[36mimport[39m { [
33mValidationError[3
9m } [36mfrom[39m 
[32m'../exceptions/Ap
pError'[39m[33m;[3
9m
     [90m 5 |[39m
     [90m 6 |[39m 
[90m// Types de 
fichiers 
autoris├®s[39m[0m

      at Runtime.crea
teScriptFromCode (nod
e_modules/jest-runtim
e/build/index.js:1318
:40)
      at 
Object.<anonymous> (s
rc/middleware/upload.
ts:3:1)
      at 
Object.<anonymous> (s
rc/routes/documents.t
s:4:1)
      at 
Object.<anonymous> (s
rc/routes/index.ts:5:
1)
      at 
Object.<anonymous> 
(src/app.ts:6:1)
      at 
Object.<anonymous> (t
ests/integration/publ
ic_group_categories.t
est.ts:2:1)

Test Suites: 1 
failed, 1 total
Tests:       0 total
Snapshots:   0 total
Time:        3.42 s
Ran all test suites 
matching tests/integr
ation/public_group_ca
tegories.test.ts.
